// Jest Snapshot v1, https://goo.gl/fbAQLP

exports[`renders without crashing 1`] = `
<DocumentFragment>
  <li
    class="MuiListItem-root makeStyles-listItem-1 MuiListItem-gutters"
    color="secondary"
    title="bar"
  >
    <div
      class="MuiListItemIcon-root"
    >
      <svg
        aria-hidden="true"
        class="MuiSvgIcon-root"
        focusable="false"
        viewBox="0 0 24 24"
      >
        <path
          d="M10 4H4c-1.1 0-1.99.9-1.99 2L2 18c0 1.1.9 2 2 2h16c1.1 0 2-.9 2-2V8c0-1.1-.9-2-2-2h-8l-2-2z"
        />
      </svg>
    </div>
    <div
      class="MuiListItemText-root MuiListItemText-multiline"
    >
      <span
        class="MuiTypography-root MuiListItemText-primary MuiTypography-body1 MuiTypography-displayBlock"
      >
        foo
      </span>
      <p
        class="MuiTypography-root MuiListItemText-secondary MuiTypography-body2 MuiTypography-colorTextSecondary MuiTypography-displayBlock"
      >
        /foo/bar
      </p>
    </div>
  </li>
</DocumentFragment>
`;
